Jonatan P. Paschoal
23 de janeiro de 2024.
-------------------------------------------------
## Canal - Bóson treinamentos
Play list - Programação em fortran
Link - https://www.youtube.com/watch?v=G1-dYUN831k&list=PLucm8g_ezqNpyGISxhMLrPaSM-OoDrFn0
Play list - Programação científica
Link - https://www.youtube.com/playlist?list=PL0otdPDrQZOIKULtTDRR5eO0nk0IO-TfT
-------------------------------------------------
##  Estrutura básica de um programa Fortran

	PROGRAM nome_programa (63_caracteres_minúscula)

	IMPLICIT NONE

   		[especificação (variáveis)] (132 caracteres)
   		[execução (lógica principal)]
   		[subprogramas (funçõese procedimentos)]

	END PROGRAM nome_programa
	
-------------------------------------------------
	|Seção de declaração
	|Seção de execução
	|Seção de Terminação
-------------------------------------------------
## Compilador on line
Link - https://wwww.onlinegdb.com/
Link - https://www.mycompiler.io/pt
-------------------------------------------------
## Pág. GFortran
Link  - https://gcc.gnu.org/fortran/
-------------------------------------------------
## Instalação - 
$ sudo apt install gfortran
-------------------------------------------------
## CMD's, compilação e execução - 
$ gfortran -o nome_arquivo_saida arquivo.for90
$ ./nome_arquivo_saida
-------------------------------------------------
## CMD, consultar versão - 
$ gfortran --version
-------------------------------------------------
## CMD, instalação IDE geany (ed. de texto)- 
$ sudo apt install geany
-------------------------------------------------
## CMD, listar arquivos - 
$ ls -l
-------------------------------------------------
## Resultado na forma de potência
E[+-numero_inteiro] --> x10^[+-numero_inteiro]
-------------------------------------------------
## Tipos de erro
-------------------------------------------------
* compiler error (compilação) - Exemplos
- Não classificado
wrote(*,*)
1
Error: Unclassifiable statement at (1)
- Classificado
read(*,*) leaght, angle
	       1
Error: Symbol 'leaght' at (1) has no IMPLICIT type
-------------------------------------------------
* Run-time Error (execução) - Exemplos
Entrada de um dado diferente do que se pede.
-------------------------------------------------
* Logic Error (lógica) - Exemplos
Saída diferente do que se espera.
-------------------------------------------------
-------------------------------------------------
-------------------------------------------------
-------------------------------------------------
-------------------------------------------------

